--------------------------------------------------------------------------------
Release 14.7 Trace  (lin64)
Copyright (c) 1995-2013 Xilinx, Inc.  All rights reserved.

/opt/Xilinx/14.7/ISE_DS/ISE/bin/lin64/unwrapped/trce -filter
/home/elizabeth/work03-smulacion-ov7670-grupo-05/hw/iseconfig/filter.filter
-intstyle ise -v 3 -s 3 -n 3 -fastpaths -xml test_cam.twx test_cam.ncd -o
test_cam.twr test_cam.pcf

Design file:              test_cam.ncd
Physical constraint file: test_cam.pcf
Device,package,speed:     xc7a100t,csg324,C,-3 (PRODUCTION 1.10 2013-10-13)
Report level:             verbose report

Environment Variable      Effect 
--------------------      ------ 
NONE                      No environment variables were set
--------------------------------------------------------------------------------

INFO:Timing:3412 - To improve timing, see the Timing Closure User Guide (UG612).
INFO:Timing:2752 - To get complete path coverage, use the unconstrained paths 
   option. All paths that are not constrained will be reported in the 
   unconstrained paths section(s) of the report.
INFO:Timing:3339 - The clock-to-out numbers in this timing report are based on 
   a 50 Ohm transmission line loading model.  For the details of this model, 
   and for more information on accounting for different loading conditions, 
   please see the device datasheet.

================================================================================
Timing constraint: TS_sys_clk_pin = PERIOD TIMEGRP "sys_clk_pin" 100 MHz HIGH 
50%;
For more information, see Period Analysis in the Timing Closure User Guide (UG612).

 0 paths analyzed, 0 endpoints analyzed, 0 failing endpoints
 0 timing errors detected. (0 component switching limit errors)
 Minimum period is   4.000ns.
--------------------------------------------------------------------------------

Component Switching Limit Checks: TS_sys_clk_pin = PERIOD TIMEGRP "sys_clk_pin" 100 MHz HIGH 50%;
--------------------------------------------------------------------------------
Slack: 6.000ns (period - (min low pulse limit / (low pulse / period)))
  Period: 10.000ns
  Low pulse: 5.000ns
  Low pulse limit: 2.000ns (Tmmcmpw_CLKIN1_100_150)
  Physical resource: clk25_24/mmcm_adv_inst/CLKIN1
  Logical resource: clk25_24/mmcm_adv_inst/CLKIN1
  Location pin: MMCME2_ADV_X0Y0.CLKIN1
  Clock network: clk25_24/clkin1
--------------------------------------------------------------------------------
Slack: 6.000ns (period - (min high pulse limit / (high pulse / period)))
  Period: 10.000ns
  High pulse: 5.000ns
  High pulse limit: 2.000ns (Tmmcmpw_CLKIN1_100_150)
  Physical resource: clk25_24/mmcm_adv_inst/CLKIN1
  Logical resource: clk25_24/mmcm_adv_inst/CLKIN1
  Location pin: MMCME2_ADV_X0Y0.CLKIN1
  Clock network: clk25_24/clkin1
--------------------------------------------------------------------------------
Slack: 8.408ns (period - min period limit)
  Period: 10.000ns
  Min period limit: 1.592ns (628.141MHz) (Tbcper_I(Fmax))
  Physical resource: clk25_24/clkin1_buf/I0
  Logical resource: clk25_24/clkin1_buf/I0
  Location pin: BUFGCTRL_X0Y20.I0
  Clock network: clk_IBUFG
--------------------------------------------------------------------------------

================================================================================
Timing constraint: TS_clk25_24_clkout0 = PERIOD TIMEGRP "clk25_24_clkout0" 
TS_sys_clk_pin * 0.25         HIGH 50%;
For more information, see Period Analysis in the Timing Closure User Guide (UG612).

 9682 paths analyzed, 295 endpoints analyzed, 0 failing endpoints
 0 timing errors detected. (0 setup errors, 0 hold errors, 0 component switching limit errors)
 Minimum period is   5.994ns.
--------------------------------------------------------------------------------

Paths for end point DP_RAM/Mram_ram8 (RAMB36_X3Y22.ADDRBWRADDRL13), 100 paths
--------------------------------------------------------------------------------
Slack (setup path):     34.006ns (requirement - (data path - clock path skew + uncertainty))
  Source:               VGA640x480/countY_3 (FF)
  Destination:          DP_RAM/Mram_ram8 (RAM)
  Requirement:          40.000ns
  Data Path Delay:      5.989ns (Levels of Logic = 4)
  Clock Path Skew:      0.077ns (0.674 - 0.597)
  Source Clock:         clk25M rising at 0.000ns
  Destination Clock:    clk25M rising at 40.000ns
  Clock Uncertainty:    0.082ns

  Clock Uncertainty:          0.082ns  ((TSJ^2 + DJ^2)^1/2) / 2 + PE
    Total System Jitter (TSJ):  0.070ns
    Discrete Jitter (DJ):       0.148ns
    Phase Error (PE):           0.000ns

  Maximum Data Path at Slow Process Corner: VGA640x480/countY_3 to DP_RAM/Mram_ram8
    Location                    Delay type         Delay(ns)  Physical Resource
                                                              Logical Resource(s)
    --------------------------------------------------------  -------------------
    SLICE_X56Y119.DQ            Tcko                  0.393   VGA640x480/countY<3>
                                                              VGA640x480/countY_3
    SLICE_X57Y119.B1            net (fanout=6)        0.530   VGA640x480/countY<3>
    SLICE_X57Y119.DMUX          Topbd                 0.711   Maddsub_n0031_Madd1_cy<7>
                                                              Maddsub_n0031_Madd1_lut<5>
                                                              Maddsub_n0031_Madd1_cy<7>
    SLICE_X58Y118.B1            net (fanout=1)        0.707   Maddsub_n0031_10
    SLICE_X58Y118.COUT          Topcyb                0.499   Maddsub_n0031_Madd_cy<12>
                                                              Maddsub_n0031_10_rt
                                                              Maddsub_n0031_Madd_cy<12>
    SLICE_X58Y119.CIN           net (fanout=1)        0.000   Maddsub_n0031_Madd_cy<12>
    SLICE_X58Y119.AMUX          Tcina                 0.269   n0025<14>
                                                              Maddsub_n0031_Madd_xor<14>
    SLICE_X59Y119.D2            net (fanout=1)        0.490   n0025<13>
    SLICE_X59Y119.DMUX          Tilo                  0.243   VGA640x480/countX<8>
                                                              Mmux_DP_RAM_addr_out51
    RAMB36_X3Y22.ADDRBWRADDRL13 net (fanout=16)       1.705   DP_RAM_addr_out<13>
    RAMB36_X3Y22.CLKBWRCLKL     Trcck_ADDRB           0.442   DP_RAM/Mram_ram8
                                                              DP_RAM/Mram_ram8
    --------------------------------------------------------  ---------------------------
    Total                                             5.989ns (2.557ns logic, 3.432ns route)
                                                              (42.7% logic, 57.3% route)

--------------------------------------------------------------------------------
Slack (setup path):     34.028ns (requirement - (data path - clock path skew + uncertainty))
  Source:               VGA640x480/countY_3 (FF)
  Destination:          DP_RAM/Mram_ram8 (RAM)
  Requirement:          40.000ns
  Data Path Delay:      5.967ns (Levels of Logic = 5)
  Clock Path Skew:      0.077ns (0.674 - 0.597)
  Source Clock:         clk25M rising at 0.000ns
  Destination Clock:    clk25M rising at 40.000ns
  Clock Uncertainty:    0.082ns

  Clock Uncertainty:          0.082ns  ((TSJ^2 + DJ^2)^1/2) / 2 + PE
    Total System Jitter (TSJ):  0.070ns
    Discrete Jitter (DJ):       0.148ns
    Phase Error (PE):           0.000ns

  Maximum Data Path at Slow Process Corner: VGA640x480/countY_3 to DP_RAM/Mram_ram8
    Location                    Delay type         Delay(ns)  Physical Resource
                                                              Logical Resource(s)
    --------------------------------------------------------  -------------------
    SLICE_X56Y119.DQ            Tcko                  0.393   VGA640x480/countY<3>
                                                              VGA640x480/countY_3
    SLICE_X57Y119.B1            net (fanout=6)        0.530   VGA640x480/countY<3>
    SLICE_X57Y119.COUT          Topcyb                0.509   Maddsub_n0031_Madd1_cy<7>
                                                              Maddsub_n0031_Madd1_lut<5>
                                                              Maddsub_n0031_Madd1_cy<7>
    SLICE_X57Y120.CIN           net (fanout=1)        0.000   Maddsub_n0031_Madd1_cy<7>
    SLICE_X57Y120.AMUX          Tcina                 0.286   Maddsub_n0031_14
                                                              Maddsub_n0031_Madd1_xor<11>
    SLICE_X58Y118.C2            net (fanout=1)        0.717   Maddsub_n0031_11
    SLICE_X58Y118.COUT          Topcyc                0.383   Maddsub_n0031_Madd_cy<12>
                                                              Maddsub_n0031_11_rt
                                                              Maddsub_n0031_Madd_cy<12>
    SLICE_X58Y119.CIN           net (fanout=1)        0.000   Maddsub_n0031_Madd_cy<12>
    SLICE_X58Y119.AMUX          Tcina                 0.269   n0025<14>
                                                              Maddsub_n0031_Madd_xor<14>
    SLICE_X59Y119.D2            net (fanout=1)        0.490   n0025<13>
    SLICE_X59Y119.DMUX          Tilo                  0.243   VGA640x480/countX<8>
                                                              Mmux_DP_RAM_addr_out51
    RAMB36_X3Y22.ADDRBWRADDRL13 net (fanout=16)       1.705   DP_RAM_addr_out<13>
    RAMB36_X3Y22.CLKBWRCLKL     Trcck_ADDRB           0.442   DP_RAM/Mram_ram8
                                                              DP_RAM/Mram_ram8
    --------------------------------------------------------  ---------------------------
    Total                                             5.967ns (2.525ns logic, 3.442ns route)
                                                              (42.3% logic, 57.7% route)

--------------------------------------------------------------------------------
Slack (setup path):     34.161ns (requirement - (data path - clock path skew + uncertainty))
  Source:               VGA640x480/countY_4 (FF)
  Destination:          DP_RAM/Mram_ram8 (RAM)
  Requirement:          40.000ns
  Data Path Delay:      5.835ns (Levels of Logic = 5)
  Clock Path Skew:      0.078ns (0.674 - 0.596)
  Source Clock:         clk25M rising at 0.000ns
  Destination Clock:    clk25M rising at 40.000ns
  Clock Uncertainty:    0.082ns

  Clock Uncertainty:          0.082ns  ((TSJ^2 + DJ^2)^1/2) / 2 + PE
    Total System Jitter (TSJ):  0.070ns
    Discrete Jitter (DJ):       0.148ns
    Phase Error (PE):           0.000ns

  Maximum Data Path at Slow Process Corner: VGA640x480/countY_4 to DP_RAM/Mram_ram8
    Location                    Delay type         Delay(ns)  Physical Resource
                                                              Logical Resource(s)
    --------------------------------------------------------  -------------------
    SLICE_X56Y120.AQ            Tcko                  0.393   VGA640x480/countY<7>
                                                              VGA640x480/countY_4
    SLICE_X57Y119.C3            net (fanout=6)        0.509   VGA640x480/countY<4>
    SLICE_X57Y119.COUT          Topcyc                0.398   Maddsub_n0031_Madd1_cy<7>
                                                              Maddsub_n0031_Madd1_lut<6>
                                                              Maddsub_n0031_Madd1_cy<7>
    SLICE_X57Y120.CIN           net (fanout=1)        0.000   Maddsub_n0031_Madd1_cy<7>
    SLICE_X57Y120.AMUX          Tcina                 0.286   Maddsub_n0031_14
                                                              Maddsub_n0031_Madd1_xor<11>
    SLICE_X58Y118.C2            net (fanout=1)        0.717   Maddsub_n0031_11
    SLICE_X58Y118.COUT          Topcyc                0.383   Maddsub_n0031_Madd_cy<12>
                                                              Maddsub_n0031_11_rt
                                                              Maddsub_n0031_Madd_cy<12>
    SLICE_X58Y119.CIN           net (fanout=1)        0.000   Maddsub_n0031_Madd_cy<12>
    SLICE_X58Y119.AMUX          Tcina                 0.269   n0025<14>
                                                              Maddsub_n0031_Madd_xor<14>
    SLICE_X59Y119.D2            net (fanout=1)        0.490   n0025<13>
    SLICE_X59Y119.DMUX          Tilo                  0.243   VGA640x480/countX<8>
                                                              Mmux_DP_RAM_addr_out51
    RAMB36_X3Y22.ADDRBWRADDRL13 net (fanout=16)       1.705   DP_RAM_addr_out<13>
    RAMB36_X3Y22.CLKBWRCLKL     Trcck_ADDRB           0.442   DP_RAM/Mram_ram8
                                                              DP_RAM/Mram_ram8
    --------------------------------------------------------  ---------------------------
    Total                                             5.835ns (2.414ns logic, 3.421ns route)
                                                              (41.4% logic, 58.6% route)

--------------------------------------------------------------------------------

Paths for end point DP_RAM/Mram_ram8 (RAMB36_X3Y22.ADDRBWRADDRU13), 100 paths
--------------------------------------------------------------------------------
Slack (setup path):     34.006ns (requirement - (data path - clock path skew + uncertainty))
  Source:               VGA640x480/countY_3 (FF)
  Destination:          DP_RAM/Mram_ram8 (RAM)
  Requirement:          40.000ns
  Data Path Delay:      5.989ns (Levels of Logic = 4)
  Clock Path Skew:      0.077ns (0.674 - 0.597)
  Source Clock:         clk25M rising at 0.000ns
  Destination Clock:    clk25M rising at 40.000ns
  Clock Uncertainty:    0.082ns

  Clock Uncertainty:          0.082ns  ((TSJ^2 + DJ^2)^1/2) / 2 + PE
    Total System Jitter (TSJ):  0.070ns
    Discrete Jitter (DJ):       0.148ns
    Phase Error (PE):           0.000ns

  Maximum Data Path at Slow Process Corner: VGA640x480/countY_3 to DP_RAM/Mram_ram8
    Location                    Delay type         Delay(ns)  Physical Resource
                                                              Logical Resource(s)
    --------------------------------------------------------  -------------------
    SLICE_X56Y119.DQ            Tcko                  0.393   VGA640x480/countY<3>
                                                              VGA640x480/countY_3
    SLICE_X57Y119.B1            net (fanout=6)        0.530   VGA640x480/countY<3>
    SLICE_X57Y119.DMUX          Topbd                 0.711   Maddsub_n0031_Madd1_cy<7>
                                                              Maddsub_n0031_Madd1_lut<5>
                                                              Maddsub_n0031_Madd1_cy<7>
    SLICE_X58Y118.B1            net (fanout=1)        0.707   Maddsub_n0031_10
    SLICE_X58Y118.COUT          Topcyb                0.499   Maddsub_n0031_Madd_cy<12>
                                                              Maddsub_n0031_10_rt
                                                              Maddsub_n0031_Madd_cy<12>
    SLICE_X58Y119.CIN           net (fanout=1)        0.000   Maddsub_n0031_Madd_cy<12>
    SLICE_X58Y119.AMUX          Tcina                 0.269   n0025<14>
                                                              Maddsub_n0031_Madd_xor<14>
    SLICE_X59Y119.D2            net (fanout=1)        0.490   n0025<13>
    SLICE_X59Y119.DMUX          Tilo                  0.243   VGA640x480/countX<8>
                                                              Mmux_DP_RAM_addr_out51
    RAMB36_X3Y22.ADDRBWRADDRU13 net (fanout=16)       1.705   DP_RAM_addr_out<13>
    RAMB36_X3Y22.CLKBWRCLKU     Trcck_ADDRB           0.442   DP_RAM/Mram_ram8
                                                              DP_RAM/Mram_ram8
    --------------------------------------------------------  ---------------------------
    Total                                             5.989ns (2.557ns logic, 3.432ns route)
                                                              (42.7% logic, 57.3% route)

--------------------------------------------------------------------------------
Slack (setup path):     34.028ns (requirement - (data path - clock path skew + uncertainty))
  Source:               VGA640x480/countY_3 (FF)
  Destination:          DP_RAM/Mram_ram8 (RAM)
  Requirement:          40.000ns
  Data Path Delay:      5.967ns (Levels of Logic = 5)
  Clock Path Skew:      0.077ns (0.674 - 0.597)
  Source Clock:         clk25M rising at 0.000ns
  Destination Clock:    clk25M rising at 40.000ns
  Clock Uncertainty:    0.082ns

  Clock Uncertainty:          0.082ns  ((TSJ^2 + DJ^2)^1/2) / 2 + PE
    Total System Jitter (TSJ):  0.070ns
    Discrete Jitter (DJ):       0.148ns
    Phase Error (PE):           0.000ns

  Maximum Data Path at Slow Process Corner: VGA640x480/countY_3 to DP_RAM/Mram_ram8
    Location                    Delay type         Delay(ns)  Physical Resource
                                                              Logical Resource(s)
    --------------------------------------------------------  -------------------
    SLICE_X56Y119.DQ            Tcko                  0.393   VGA640x480/countY<3>
                                                              VGA640x480/countY_3
    SLICE_X57Y119.B1            net (fanout=6)        0.530   VGA640x480/countY<3>
    SLICE_X57Y119.COUT          Topcyb                0.509   Maddsub_n0031_Madd1_cy<7>
                                                              Maddsub_n0031_Madd1_lut<5>
                                                              Maddsub_n0031_Madd1_cy<7>
    SLICE_X57Y120.CIN           net (fanout=1)        0.000   Maddsub_n0031_Madd1_cy<7>
    SLICE_X57Y120.AMUX          Tcina                 0.286   Maddsub_n0031_14
                                                              Maddsub_n0031_Madd1_xor<11>
    SLICE_X58Y118.C2            net (fanout=1)        0.717   Maddsub_n0031_11
    SLICE_X58Y118.COUT          Topcyc                0.383   Maddsub_n0031_Madd_cy<12>
                                                              Maddsub_n0031_11_rt
                                                              Maddsub_n0031_Madd_cy<12>
    SLICE_X58Y119.CIN           net (fanout=1)        0.000   Maddsub_n0031_Madd_cy<12>
    SLICE_X58Y119.AMUX          Tcina                 0.269   n0025<14>
                                                              Maddsub_n0031_Madd_xor<14>
    SLICE_X59Y119.D2            net (fanout=1)        0.490   n0025<13>
    SLICE_X59Y119.DMUX          Tilo                  0.243   VGA640x480/countX<8>
                                                              Mmux_DP_RAM_addr_out51
    RAMB36_X3Y22.ADDRBWRADDRU13 net (fanout=16)       1.705   DP_RAM_addr_out<13>
    RAMB36_X3Y22.CLKBWRCLKU     Trcck_ADDRB           0.442   DP_RAM/Mram_ram8
                                                              DP_RAM/Mram_ram8
    --------------------------------------------------------  ---------------------------
    Total                                             5.967ns (2.525ns logic, 3.442ns route)
                                                              (42.3% logic, 57.7% route)

--------------------------------------------------------------------------------
Slack (setup path):     34.161ns (requirement - (data path - clock path skew + uncertainty))
  Source:               VGA640x480/countY_4 (FF)
  Destination:          DP_RAM/Mram_ram8 (RAM)
  Requirement:          40.000ns
  Data Path Delay:      5.835ns (Levels of Logic = 5)
  Clock Path Skew:      0.078ns (0.674 - 0.596)
  Source Clock:         clk25M rising at 0.000ns
  Destination Clock:    clk25M rising at 40.000ns
  Clock Uncertainty:    0.082ns

  Clock Uncertainty:          0.082ns  ((TSJ^2 + DJ^2)^1/2) / 2 + PE
    Total System Jitter (TSJ):  0.070ns
    Discrete Jitter (DJ):       0.148ns
    Phase Error (PE):           0.000ns

  Maximum Data Path at Slow Process Corner: VGA640x480/countY_4 to DP_RAM/Mram_ram8
    Location                    Delay type         Delay(ns)  Physical Resource
                                                              Logical Resource(s)
    --------------------------------------------------------  -------------------
    SLICE_X56Y120.AQ            Tcko                  0.393   VGA640x480/countY<7>
                                                              VGA640x480/countY_4
    SLICE_X57Y119.C3            net (fanout=6)        0.509   VGA640x480/countY<4>
    SLICE_X57Y119.COUT          Topcyc                0.398   Maddsub_n0031_Madd1_cy<7>
                                                              Maddsub_n0031_Madd1_lut<6>
                                                              Maddsub_n0031_Madd1_cy<7>
    SLICE_X57Y120.CIN           net (fanout=1)        0.000   Maddsub_n0031_Madd1_cy<7>
    SLICE_X57Y120.AMUX          Tcina                 0.286   Maddsub_n0031_14
                                                              Maddsub_n0031_Madd1_xor<11>
    SLICE_X58Y118.C2            net (fanout=1)        0.717   Maddsub_n0031_11
    SLICE_X58Y118.COUT          Topcyc                0.383   Maddsub_n0031_Madd_cy<12>
                                                              Maddsub_n0031_11_rt
                                                              Maddsub_n0031_Madd_cy<12>
    SLICE_X58Y119.CIN           net (fanout=1)        0.000   Maddsub_n0031_Madd_cy<12>
    SLICE_X58Y119.AMUX          Tcina                 0.269   n0025<14>
                                                              Maddsub_n0031_Madd_xor<14>
    SLICE_X59Y119.D2            net (fanout=1)        0.490   n0025<13>
    SLICE_X59Y119.DMUX          Tilo                  0.243   VGA640x480/countX<8>
                                                              Mmux_DP_RAM_addr_out51
    RAMB36_X3Y22.ADDRBWRADDRU13 net (fanout=16)       1.705   DP_RAM_addr_out<13>
    RAMB36_X3Y22.CLKBWRCLKU     Trcck_ADDRB           0.442   DP_RAM/Mram_ram8
                                                              DP_RAM/Mram_ram8
    --------------------------------------------------------  ---------------------------
    Total                                             5.835ns (2.414ns logic, 3.421ns route)
                                                              (41.4% logic, 58.6% route)

--------------------------------------------------------------------------------

Paths for end point DP_RAM/Mram_ram5 (RAMB36_X2Y22.ADDRBWRADDRL13), 100 paths
--------------------------------------------------------------------------------
Slack (setup path):     34.230ns (requirement - (data path - clock path skew + uncertainty))
  Source:               VGA640x480/countY_3 (FF)
  Destination:          DP_RAM/Mram_ram5 (RAM)
  Requirement:          40.000ns
  Data Path Delay:      5.757ns (Levels of Logic = 4)
  Clock Path Skew:      0.069ns (0.666 - 0.597)
  Source Clock:         clk25M rising at 0.000ns
  Destination Clock:    clk25M rising at 40.000ns
  Clock Uncertainty:    0.082ns

  Clock Uncertainty:          0.082ns  ((TSJ^2 + DJ^2)^1/2) / 2 + PE
    Total System Jitter (TSJ):  0.070ns
    Discrete Jitter (DJ):       0.148ns
    Phase Error (PE):           0.000ns

  Maximum Data Path at Slow Process Corner: VGA640x480/countY_3 to DP_RAM/Mram_ram5
    Location                    Delay type         Delay(ns)  Physical Resource
                                                              Logical Resource(s)
    --------------------------------------------------------  -------------------
    SLICE_X56Y119.DQ            Tcko                  0.393   VGA640x480/countY<3>
                                                              VGA640x480/countY_3
    SLICE_X57Y119.B1            net (fanout=6)        0.530   VGA640x480/countY<3>
    SLICE_X57Y119.DMUX          Topbd                 0.711   Maddsub_n0031_Madd1_cy<7>
                                                              Maddsub_n0031_Madd1_lut<5>
                                                              Maddsub_n0031_Madd1_cy<7>
    SLICE_X58Y118.B1            net (fanout=1)        0.707   Maddsub_n0031_10
    SLICE_X58Y118.COUT          Topcyb                0.499   Maddsub_n0031_Madd_cy<12>
                                                              Maddsub_n0031_10_rt
                                                              Maddsub_n0031_Madd_cy<12>
    SLICE_X58Y119.CIN           net (fanout=1)        0.000   Maddsub_n0031_Madd_cy<12>
    SLICE_X58Y119.AMUX          Tcina                 0.269   n0025<14>
                                                              Maddsub_n0031_Madd_xor<14>
    SLICE_X59Y119.D2            net (fanout=1)        0.490   n0025<13>
    SLICE_X59Y119.DMUX          Tilo                  0.243   VGA640x480/countX<8>
                                                              Mmux_DP_RAM_addr_out51
    RAMB36_X2Y22.ADDRBWRADDRL13 net (fanout=16)       1.473   DP_RAM_addr_out<13>
    RAMB36_X2Y22.CLKBWRCLKL     Trcck_ADDRB           0.442   DP_RAM/Mram_ram5
                                                              DP_RAM/Mram_ram5
    --------------------------------------------------------  ---------------------------
    Total                                             5.757ns (2.557ns logic, 3.200ns route)
                                                              (44.4% logic, 55.6% route)

--------------------------------------------------------------------------------
Slack (setup path):     34.252ns (requirement - (data path - clock path skew + uncertainty))
  Source:               VGA640x480/countY_3 (FF)
  Destination:          DP_RAM/Mram_ram5 (RAM)
  Requirement:          40.000ns
  Data Path Delay:      5.735ns (Levels of Logic = 5)
  Clock Path Skew:      0.069ns (0.666 - 0.597)
  Source Clock:         clk25M rising at 0.000ns
  Destination Clock:    clk25M rising at 40.000ns
  Clock Uncertainty:    0.082ns

  Clock Uncertainty:          0.082ns  ((TSJ^2 + DJ^2)^1/2) / 2 + PE
    Total System Jitter (TSJ):  0.070ns
    Discrete Jitter (DJ):       0.148ns
    Phase Error (PE):           0.000ns

  Maximum Data Path at Slow Process Corner: VGA640x480/countY_3 to DP_RAM/Mram_ram5
    Location                    Delay type         Delay(ns)  Physical Resource
                                                              Logical Resource(s)
    --------------------------------------------------------  -------------------
    SLICE_X56Y119.DQ            Tcko                  0.393   VGA640x480/countY<3>
                                                              VGA640x480/countY_3
    SLICE_X57Y119.B1            net (fanout=6)        0.530   VGA640x480/countY<3>
    SLICE_X57Y119.COUT          Topcyb                0.509   Maddsub_n0031_Madd1_cy<7>
                                                              Maddsub_n0031_Madd1_lut<5>
                                                              Maddsub_n0031_Madd1_cy<7>
    SLICE_X57Y120.CIN           net (fanout=1)        0.000   Maddsub_n0031_Madd1_cy<7>
    SLICE_X57Y120.AMUX          Tcina                 0.286   Maddsub_n0031_14
                                                              Maddsub_n0031_Madd1_xor<11>
    SLICE_X58Y118.C2            net (fanout=1)        0.717   Maddsub_n0031_11
    SLICE_X58Y118.COUT          Topcyc                0.383   Maddsub_n0031_Madd_cy<12>
                                                              Maddsub_n0031_11_rt
                                                              Maddsub_n0031_Madd_cy<12>
    SLICE_X58Y119.CIN           net (fanout=1)        0.000   Maddsub_n0031_Madd_cy<12>
    SLICE_X58Y119.AMUX          Tcina                 0.269   n0025<14>
                                                              Maddsub_n0031_Madd_xor<14>
    SLICE_X59Y119.D2            net (fanout=1)        0.490   n0025<13>
    SLICE_X59Y119.DMUX          Tilo                  0.243   VGA640x480/countX<8>
                                                              Mmux_DP_RAM_addr_out51
    RAMB36_X2Y22.ADDRBWRADDRL13 net (fanout=16)       1.473   DP_RAM_addr_out<13>
    RAMB36_X2Y22.CLKBWRCLKL     Trcck_ADDRB           0.442   DP_RAM/Mram_ram5
                                                              DP_RAM/Mram_ram5
    --------------------------------------------------------  ---------------------------
    Total                                             5.735ns (2.525ns logic, 3.210ns route)
                                                              (44.0% logic, 56.0% route)

--------------------------------------------------------------------------------
Slack (setup path):     34.385ns (requirement - (data path - clock path skew + uncertainty))
  Source:               VGA640x480/countY_4 (FF)
  Destination:          DP_RAM/Mram_ram5 (RAM)
  Requirement:          40.000ns
  Data Path Delay:      5.603ns (Levels of Logic = 5)
  Clock Path Skew:      0.070ns (0.666 - 0.596)
  Source Clock:         clk25M rising at 0.000ns
  Destination Clock:    clk25M rising at 40.000ns
  Clock Uncertainty:    0.082ns

  Clock Uncertainty:          0.082ns  ((TSJ^2 + DJ^2)^1/2) / 2 + PE
    Total System Jitter (TSJ):  0.070ns
    Discrete Jitter (DJ):       0.148ns
    Phase Error (PE):           0.000ns

  Maximum Data Path at Slow Process Corner: VGA640x480/countY_4 to DP_RAM/Mram_ram5
    Location                    Delay type         Delay(ns)  Physical Resource
                                                              Logical Resource(s)
    --------------------------------------------------------  -------------------
    SLICE_X56Y120.AQ            Tcko                  0.393   VGA640x480/countY<7>
                                                              VGA640x480/countY_4
    SLICE_X57Y119.C3            net (fanout=6)        0.509   VGA640x480/countY<4>
    SLICE_X57Y119.COUT          Topcyc                0.398   Maddsub_n0031_Madd1_cy<7>
                                                              Maddsub_n0031_Madd1_lut<6>
                                                              Maddsub_n0031_Madd1_cy<7>
    SLICE_X57Y120.CIN           net (fanout=1)        0.000   Maddsub_n0031_Madd1_cy<7>
    SLICE_X57Y120.AMUX          Tcina                 0.286   Maddsub_n0031_14
                                                              Maddsub_n0031_Madd1_xor<11>
    SLICE_X58Y118.C2            net (fanout=1)        0.717   Maddsub_n0031_11
    SLICE_X58Y118.COUT          Topcyc                0.383   Maddsub_n0031_Madd_cy<12>
                                                              Maddsub_n0031_11_rt
                                                              Maddsub_n0031_Madd_cy<12>
    SLICE_X58Y119.CIN           net (fanout=1)        0.000   Maddsub_n0031_Madd_cy<12>
    SLICE_X58Y119.AMUX          Tcina                 0.269   n0025<14>
                                                              Maddsub_n0031_Madd_xor<14>
    SLICE_X59Y119.D2            net (fanout=1)        0.490   n0025<13>
    SLICE_X59Y119.DMUX          Tilo                  0.243   VGA640x480/countX<8>
                                                              Mmux_DP_RAM_addr_out51
    RAMB36_X2Y22.ADDRBWRADDRL13 net (fanout=16)       1.473   DP_RAM_addr_out<13>
    RAMB36_X2Y22.CLKBWRCLKL     Trcck_ADDRB           0.442   DP_RAM/Mram_ram5
                                                              DP_RAM/Mram_ram5
    --------------------------------------------------------  ---------------------------
    Total                                             5.603ns (2.414ns logic, 3.189ns route)
                                                              (43.1% logic, 56.9% route)

--------------------------------------------------------------------------------

Hold Paths: TS_clk25_24_clkout0 = PERIOD TIMEGRP "clk25_24_clkout0" TS_sys_clk_pin * 0.25
        HIGH 50%;
--------------------------------------------------------------------------------

Paths for end point VGA640x480/countY_7 (SLICE_X56Y120.D3), 1 path
--------------------------------------------------------------------------------
Slack (hold path):      0.306ns (requirement - (clock path skew + uncertainty - data path))
  Source:               VGA640x480/countY_7 (FF)
  Destination:          VGA640x480/countY_7 (FF)
  Requirement:          0.000ns
  Data Path Delay:      0.306ns (Levels of Logic = 1)
  Clock Path Skew:      0.000ns
  Source Clock:         clk25M rising at 40.000ns
  Destination Clock:    clk25M rising at 40.000ns
  Clock Uncertainty:    0.000ns

  Minimum Data Path at Fast Process Corner: VGA640x480/countY_7 to VGA640x480/countY_7
    Location             Delay type         Delay(ns)  Physical Resource
                                                       Logical Resource(s)
    -------------------------------------------------  -------------------
    SLICE_X56Y120.DQ     Tcko                  0.164   VGA640x480/countY<7>
                                                       VGA640x480/countY_7
    SLICE_X56Y120.D3     net (fanout=5)        0.167   VGA640x480/countY<7>
    SLICE_X56Y120.CLK    Tah         (-Th)     0.025   VGA640x480/countY<7>
                                                       VGA640x480/countY<7>_rt.1
                                                       VGA640x480/Mcount_countY_cy<7>
                                                       VGA640x480/countY_7
    -------------------------------------------------  ---------------------------
    Total                                      0.306ns (0.139ns logic, 0.167ns route)
                                                       (45.4% logic, 54.6% route)

--------------------------------------------------------------------------------

Paths for end point VGA640x480/countY_3 (SLICE_X56Y119.D3), 1 path
--------------------------------------------------------------------------------
Slack (hold path):      0.316ns (requirement - (clock path skew + uncertainty - data path))
  Source:               VGA640x480/countY_3 (FF)
  Destination:          VGA640x480/countY_3 (FF)
  Requirement:          0.000ns
  Data Path Delay:      0.316ns (Levels of Logic = 1)
  Clock Path Skew:      0.000ns
  Source Clock:         clk25M rising at 40.000ns
  Destination Clock:    clk25M rising at 40.000ns
  Clock Uncertainty:    0.000ns

  Minimum Data Path at Fast Process Corner: VGA640x480/countY_3 to VGA640x480/countY_3
    Location             Delay type         Delay(ns)  Physical Resource
                                                       Logical Resource(s)
    -------------------------------------------------  -------------------
    SLICE_X56Y119.DQ     Tcko                  0.164   VGA640x480/countY<3>
                                                       VGA640x480/countY_3
    SLICE_X56Y119.D3     net (fanout=6)        0.177   VGA640x480/countY<3>
    SLICE_X56Y119.CLK    Tah         (-Th)     0.025   VGA640x480/countY<3>
                                                       VGA640x480/countY<3>_rt
                                                       VGA640x480/Mcount_countY_cy<3>
                                                       VGA640x480/countY_3
    -------------------------------------------------  ---------------------------
    Total                                      0.316ns (0.139ns logic, 0.177ns route)
                                                       (44.0% logic, 56.0% route)

--------------------------------------------------------------------------------

Paths for end point VGA640x480/countY_8 (SLICE_X56Y121.A3), 1 path
--------------------------------------------------------------------------------
Slack (hold path):      0.330ns (requirement - (clock path skew + uncertainty - data path))
  Source:               VGA640x480/countY_8 (FF)
  Destination:          VGA640x480/countY_8 (FF)
  Requirement:          0.000ns
  Data Path Delay:      0.330ns (Levels of Logic = 1)
  Clock Path Skew:      0.000ns
  Source Clock:         clk25M rising at 40.000ns
  Destination Clock:    clk25M rising at 40.000ns
  Clock Uncertainty:    0.000ns

  Minimum Data Path at Fast Process Corner: VGA640x480/countY_8 to VGA640x480/countY_8
    Location             Delay type         Delay(ns)  Physical Resource
                                                       Logical Resource(s)
    -------------------------------------------------  -------------------
    SLICE_X56Y121.AQ     Tcko                  0.164   VGA640x480/countY<8>
                                                       VGA640x480/countY_8
    SLICE_X56Y121.A3     net (fanout=4)        0.185   VGA640x480/countY<8>
    SLICE_X56Y121.CLK    Tah         (-Th)     0.019   VGA640x480/countY<8>
                                                       VGA640x480/countY<8>_rt
                                                       VGA640x480/Mcount_countY_xor<8>
                                                       VGA640x480/countY_8
    -------------------------------------------------  ---------------------------
    Total                                      0.330ns (0.145ns logic, 0.185ns route)
                                                       (43.9% logic, 56.1% route)

--------------------------------------------------------------------------------

Component Switching Limit Checks: TS_clk25_24_clkout0 = PERIOD TIMEGRP "clk25_24_clkout0" TS_sys_clk_pin * 0.25
        HIGH 50%;
--------------------------------------------------------------------------------
Slack: 38.038ns (period - min period limit)
  Period: 40.000ns
  Min period limit: 1.962ns (509.684MHz) (Trper_CLKB)
  Physical resource: DP_RAM/Mram_ram1/CLKBWRCLKL
  Logical resource: DP_RAM/Mram_ram1/CLKBWRCLKL
  Location pin: RAMB36_X2Y24.CLKBWRCLKL
  Clock network: clk25M
--------------------------------------------------------------------------------
Slack: 38.038ns (period - min period limit)
  Period: 40.000ns
  Min period limit: 1.962ns (509.684MHz) (Trper_CLK_WF_NC(FMAX_BRAM_WF_NC))
  Physical resource: DP_RAM/Mram_ram1/CLKBWRCLKU
  Logical resource: DP_RAM/Mram_ram1/CLKBWRCLKU
  Location pin: RAMB36_X2Y24.CLKBWRCLKU
  Clock network: clk25M
--------------------------------------------------------------------------------
Slack: 38.038ns (period - min period limit)
  Period: 40.000ns
  Min period limit: 1.962ns (509.684MHz) (Trper_CLKB)
  Physical resource: DP_RAM/Mram_ram2/CLKBWRCLKL
  Logical resource: DP_RAM/Mram_ram2/CLKBWRCLKL
  Location pin: RAMB36_X1Y23.CLKBWRCLKL
  Clock network: clk25M
--------------------------------------------------------------------------------


Derived Constraint Report
Derived Constraints for TS_sys_clk_pin
+-------------------------------+-------------+-------------+-------------+-------------+-------------+-------------+-------------+
|                               |   Period    |       Actual Period       |      Timing Errors        |      Paths Analyzed       |
|           Constraint          | Requirement |-------------+-------------|-------------+-------------|-------------+-------------|
|                               |             |   Direct    | Derivative  |   Direct    | Derivative  |   Direct    | Derivative  |
+-------------------------------+-------------+-------------+-------------+-------------+-------------+-------------+-------------+
|TS_sys_clk_pin                 |     10.000ns|      4.000ns|      1.498ns|            0|            0|            0|         9682|
| TS_clk25_24_clkout0           |     40.000ns|      5.994ns|          N/A|            0|            0|         9682|            0|
+-------------------------------+-------------+-------------+-------------+-------------+-------------+-------------+-------------+

All constraints were met.


Data Sheet report:
-----------------
All values displayed in nanoseconds (ns)

Clock to Setup on destination clock clk
---------------+---------+---------+---------+---------+
               | Src:Rise| Src:Fall| Src:Rise| Src:Fall|
Source Clock   |Dest:Rise|Dest:Rise|Dest:Fall|Dest:Fall|
---------------+---------+---------+---------+---------+
clk            |    5.994|         |         |         |
---------------+---------+---------+---------+---------+


Timing summary:
---------------

Timing errors: 0  Score: 0  (Setup/Max: 0, Hold: 0)

Constraints cover 9682 paths, 0 nets, and 406 connections

Design statistics:
   Minimum period:   5.994ns{1}   (Maximum frequency: 166.833MHz)


------------------------------------Footnotes-----------------------------------
1)  The minimum period statistic assumes all single cycle delays.

Analysis completed Wed Feb  5 12:17:18 2020 
--------------------------------------------------------------------------------

Trace Settings:
-------------------------
Trace Settings 

Peak Memory Usage: 779 MB



